Checking for wasm32-unknown-unknown target...
Checking connection to Arbitrum Sepolia...
Connected to Arbitrum Sepolia!
Deployer address: 0x365c078174C0E2BDff4734392178e4A17c7BE087
Deploying first ERC20 token contract (Token0) to Arbitrum Sepolia...
Token0 contract deployed at address: 0x2e49c1c13bf317f94cf19533d19b054b708429b6
Token0 transaction hash: 0x65254dcdc740a7dd69708cc4be378136bf07dc324792bb1c2e892d55fd7ed25b
Deploying second ERC20 token contract (Token1) to Arbitrum Sepolia...
Token1 contract deployed at address: 0x8c3010519ada4e43df16fb32bc3e0833717e64f9
Token1 transaction hash: 0xab9264981082d31b90281ecbbd06a94c5024c6beb33b4ffe5f2e2e4158577995
Minting tokens for testing...

blockHash            0x77664c770bce339666e56a8bb890094410734881e4ff513fb478d42537ed6fb3
blockNumber          183848515
contractAddress      
cumulativeGasUsed    1412725
effectiveGasPrice    100000000
from                 0x365c078174C0E2BDff4734392178e4A17c7BE087
gasUsed              72396
logs                 [{"address":"0x2e49c1c13bf317f94cf19533d19b054b708429b6","topics":["0xddf252ad1be2c89b69c2b068fc378daa952ba7f163c4a11628f55a4df523b3ef","0x0000000000000000000000000000000000000000000000000000000000000000","0x000000000000000000000000365c078174c0e2bdff4734392178e4a17c7be087"],"data":"0x00000000000000000000000000000000000000000000003635c9adc5dea00000","blockHash":"0x77664c770bce339666e56a8bb890094410734881e4ff513fb478d42537ed6fb3","blockNumber":"0xaf54e43","transactionHash":"0xcc1df0066dff730faf7af404ef422d90377d056faab6881a64a995b64cf6263f","transactionIndex":"0xf","logIndex":"0x20","removed":false}]
logsBloom            0x000000000000000000000000000000000000000000000000000000000000000000000000000000000000000000000000000000000000000000010000000040000000000000000000000000080000000000000000000040000200000000000000000000000200000000000000000008000000000000000000000000100000010000000000000000000000000000000000000000
blockHash            0x77664c770bce339666e56a8bb890094410734881e4ff513fb478d42537ed6fb3
blockNumber          183848515
contractAddress      
cumulativeGasUsed    1412725
effectiveGasPrice    100000000
from                 0x365c078174C0E2BDff4734392178e4A17c7BE087
gasUsed              72396
logs                 [{"address":"0x2e49c1c13bf317f94cf19533d19b054b708429b6","topics":["0xddf252ad1be2c89b69c2b068fc378daa952ba7f163c4a11628f55a4df523b3ef","0x0000000000000000000000000000000000000000000000000000000000000000","0x000000000000000000000000365c078174c0e2bdff4734392178e4a17c7be087"],"data":"0
blockHash            0x3f5c80b19f44d759314c43ece59c8c8ae09d438f2f59d75acc9d7f48e5510593
blockNumber          183848550
contractAddress      
cumulativeGasUsed    72396
effectiveGasPrice    100000000
from                 0x365c078174C0E2BDff4734392178e4A17c7BE087
gasUsed              72396
logs                 [{"address":"0x8c3010519ada4e43df16fb32bc3e0833717e64f9","topics":["0xddf252ad1be2c89b69c2b068fc378daa952ba7f163c4a11628f55a4df523b3ef","0x0000000000000000000000000000000000000000000000000000000000000000","0x000000000000000000000000365c078174c0e2bdff4734392178e4a17c7be087"],"data":"0x00000000000000000000000000000000000000000000003635c9adc5dea00000","blockHash":"0x3f5c80b19f44d759314c43ece59c8c8ae09d438f2f59d75acc9d7f48e5510593","blockNumber":"0xaf54e66","transactionHash":"0x85f39da57e9018124a4a9513144b0984fcf902bf5a30fe386d34eb7903d859c2","transactionIndex":"0x1","logIndex":"0x0","removed":false}]
logsBloom            0x000000000000000000000000000000000000000000000000000000000000000000000000000000000000000000000000000000000000000000000010000000000000000000000000000000080000000000000000000040000200000000000000000000000200000000000000000008000000000000000000000000100000010000000010000000000000000000000000000000000
blockHash            0x3f5c80b19f44d759314c43ece59c8c8ae09d438f2f59d75acc9d7f48e5510593
blockNumber          183848550
contractAddress      
cumulativeGasUsed    72396
effectiveGasPrice    100000000
from                 0x365c078174C0E2BDff4734392178e4A17c7BE087
gasUsed              72396
logs                 [{"address":"0x8c3010519ada4e43df16fb32bc3e0833717e64f9","topics":["0xddf252ad1be2c89b69c2b068fc378daa952ba7f163c4a11628f55a4df523b3ef","0x0000000000000000000000000000000000000000000000000000000000000000","0x000000000000000000000000365c078174c0e2bdff4734392178e4a17c7be087"],"data":Tokens minted to deployer address.
Deploying the Uniswap V2 contract to Arbitrum Sepolia using cargo stylus...
c8c8ae09d438f2f59d75acc9d7f48e5510593","blockNumber":"0xaf54e66","transactionHash":"0x85f39da57e9018124a4a9513144b0984fcf902bf5a30fe386d34eb7903d859c2","transactionIndex":"0x1","logIndex":"0x0","removed":false}]
logsBloom            0x00000000000000000000000000000000000000000000000000000000000000000000000000000000000000000000000000000000000000000000001000000000000000000000000000000008000000000000000000004000020000000000000000000000020000000000000000000800000000000000000000000010000001000000001000000000000000000000000000000000000000000000000000000000000000000000000000000000000000000000000000000000000000000000000000000002000000000000000000000000000002000000000000000000000020000000000000000000000000000000000000000000000000000000000000000000
root                 
status               1 (success)
transactionHash      0x85f39da57e9018124a4a9513144b0984fcf902bf5a30fe386d34eb7903d859c2
transactionIndex     1
type                 2
blobGasPrice         
blobGasUsed          
to                   0x8c3010519ADa4e43dF16fB32BC3E0833717e64f9
gasUsedForL1         85
l1BlockNumber        8981135
timeboosted          false

Tokens minted to deployer address.
Deploying the Uniswap V2 contract to Arbitrum Sepolia using cargo stylus...
Deployment completed successfully!
